[www.mixo.io/site/yates-en-panam-0ocni.html]
[backblue.gif]
[fade.gif]
[index.html]
[www.mixo.io/site/yates-en-panam-0ocni/sitemap.xml]
[storage.googleapis.com/mixo-sites/images/file-13341107-0175-4b2b-8e43-c96ebf680860.png]
[storage.googleapis.com/mixo-sites/images/file-b4f92adb-0d6f-4215-bb46-7539a7cfac6c.png]
[www.mixo.io/site/yates-en-panam-0ocni/assets/style-90f1b45c.css]
[www.mixo.io/site/yates-en-panam-0ocni/assets/iles.cc02da52.js]
[www.mixo.io/site/yates-en-panam-0ocni/assets/vendor-vue.146a6d52.js]
[www.mixo.io/site/yates-en-panam-0ocni/assets/MixoHeader.094bf81f.js]
[www.mixo.io/site/yates-en-panam-0ocni/assets/UiButton.9ed06865.js]
[www.mixo.io/site/yates-en-panam-0ocni/assets/vite.c27b6911.js]
[www.mixo.io/site/yates-en-panam-0ocni/assets/ScriptLoader.75a2659d.js]
[storage.googleapis.com/mixo-sites/images/file-e6bad100-8d0c-4332-aeba-b1ce4e9a7e65.png]
[storage.googleapis.com/mixo-sites/images/file-d6e20319-385d-4574-acb2-842d5a68f0e8.png]
[storage.googleapis.com/mixo-sites/images/file-962ecb43-5e58-4193-a934-be7ef2e5cef1.png]
[storage.googleapis.com/mixo-sites/images/file-c895546a-1608-408d-bdb2-2eaa5efbe0da.png]
[storage.googleapis.com/mixo-sites/images/file-0be3c08c-1d9c-4e99-aec6-eac62cae33c1.png]
[storage.googleapis.com/mixo-sites/images/file-721ab72e-fba6-490c-8493-a9f90eb4efb1.png]
[storage.googleapis.com/mixo-sites/images/file-f2216da9-38b4-4aed-9388-16dcd1d49d20.png]
[www.mixo.io/site/yatesenpanama@gmail.com]
[www.mixo.io/site/yates-en-panam-0ocni.html]
[www.mixo.io/site/yates-en-panam-0ocni/assets/style-90f1b45c.css]
[www.mixo.io/cdn-cgi/zaraz/sd0d9.js]
[www.mixo.io/site/yatesenpanama@gmail.html]
